
> command-center-inauguration@0.1.0 build
> next build

▲ Next.js 16.3.1 (Turbopack)
⚠ Warning: Next.js ignored package-lock.json in C:\Users\CTRLCLIENTSCADAPP because it is outside the current Git repository (C:\Users\CTRLCLIENTSCADAPP\Documents\Project\Peresmian).
 To use this directory, set `turbopack.root` in your Next.js config.

✓ Running next.config.ts took 54ms

  Creating an optimized production build ...
✓ Compiled successfully in 906ms
  Running TypeScript ...
  Finished TypeScript in 2.6s ...
  Collecting page data using 5 workers ...
  Generating static pages using 5 workers (0/4) ...
  Generating static pages using 5 workers (1/4) 
  Generating static pages using 5 workers (2/4) 
  Generating static pages using 5 workers (3/4) 
✓ Generating static pages using 5 workers (4/4) in 783ms
  Finalizing page optimization ...

Route (app)
┌ ○ /
├ ○ /_not-found
└ ○ /icon.svg


○  (Static)  prerendered as static content

