
> command-center-inauguration@0.1.0 build
> next build

▲ Next.js 16.3.1 (Turbopack)
⚠ Warning: Next.js ignored package-lock.json in C:\Users\CTRLCLIENTSCADAPP because it is outside the current Git repository (C:\Users\CTRLCLIENTSCADAPP\Documents\Project\Peresmian).
 To use this directory, set `turbopack.root` in your Next.js config.

✓ Running next.config.ts took 61ms

  Creating an optimized production build ...
✓ Compiled successfully in 733ms
  Running TypeScript ...
  Finished TypeScript in 2.4s ...
  Collecting page data using 6 workers ...
  Generating static pages using 6 workers (0/5) ...
  Generating static pages using 6 workers (1/5) 
  Generating static pages using 6 workers (2/5) 
  Generating static pages using 6 workers (3/5) 
✓ Generating static pages using 6 workers (5/5) in 795ms
  Finalizing page optimization ...

Route (app)
┌ ○ /
├ ○ /_not-found
├ ○ /debug
└ ○ /icon.svg


○  (Static)  prerendered as static content

